51
51
51
invalid
invalid
invalid
invalid
invalid
invalid
